
> temp-app@0.1.0 build
> next build

   Ôû▓ Next.js 16.0.10 (Turbopack)
   - Environments: .env.local, .env

node.exe :  ÔÜá The "middleware" file convention is deprecated. 
Please use "proxy" instead. Learn more: 
https://nextjs.org/docs/messages/middleware-to-proxy
At C:\Program Files\nodejs\npm.ps1:29 char:3
+   & $NODE_EXE $NPM_CLI_JS $args
+   ~~~~~~~~~~~~~~~~~~~~~~~~~~~~~
    + CategoryInfo          : NotSpecified: ( ÔÜá The "middl...lew 
   are-to-proxy:String) [], RemoteException
    + FullyQualifiedErrorId : NativeCommandError
 
   Creating an optimized production build ...
 Ô£ô Compiled successfully in 14.9s
   Running TypeScript ...
Failed to compile.

./src/lib/meta-ads.ts:159:16
Type error: Cannot find name 'data'.

[0m [90m 157 |[39m         }
 [90m 158 |[39m
[31m[1m>[22m[39m[90m 159 |[39m         [36mreturn[39m 
data[33m.[39mdata [33m||[39m [][33m;[39m
 [90m     |[39m                [31m[1m^[22m[39m
 [90m 160 |[39m     } [36mcatch[39m (error[33m:[39m any) {
 [90m 161 |[39m         console[33m.[39merror([32m'[Meta Ads] 
Error fetching ads:'[39m[33m,[39m error)[33m;[39m
 [90m 162 |[39m         [36mthrow[39m error[33m;[39m[0m
Next.js build worker exited with code: 1 and signal: null
