
> temp-app@0.1.0 build
> next build

   ▲ Next.js 16.0.10 (Turbopack)
   - Environments: .env.local, .env

 ⚠ The "middleware" file convention is deprecated. Please use "proxy" instead. Learn more: https://nextjs.org/docs/messages/middleware-to-proxy
   Creating an optimized production build ...
 ✓ Compiled successfully in 16.9s
   Running TypeScript ...
Failed to compile.

./src/app/api/nexus/multi-agent/route.ts:6:37
Type error: Cannot find name 'NextRequest'.

[0m [90m 4 |[39m
 [90m 5 |[39m
[31m[1m>[22m[39m[90m 6 |[39m [36mexport[39m [36masync[39m [36mfunction[39m [33mPOST[39m(request[33m:[39m [33mNextRequest[39m) {
 [90m   |[39m                                     [31m[1m^[22m[39m
 [90m 7 |[39m     [36mtry[39m {
 [90m 8 |[39m         [90m// Extract userId from JWT token[39m
 [90m 9 |[39m         [36mconst[39m authenticatedUserId [33m=[39m [36mawait[39m getUserIdFromRequest(request)[33m;[39m[0m
Next.js build worker exited with code: 1 and signal: null
